../Core/Src/main.c:93:5:main	16	static
../Core/Src/main.c:188:6:SystemClock_Config	72	static
../Core/Src/main.c:227:13:MX_SPI1_Init	8	static
../Core/Src/main.c:265:13:MX_TIM2_Init	64	static
../Core/Src/main.c:328:13:MX_GPIO_Init	40	static
../Core/Src/main.c:364:12:state_check	24	static
../Core/Src/main.c:385:6:forward	8	static
../Core/Src/main.c:392:6:left	8	static
../Core/Src/main.c:399:6:right	8	static
../Core/Src/main.c:406:6:backward	8	static
../Core/Src/main.c:413:6:forward_left	8	static
../Core/Src/main.c:420:6:forward_right	8	static
../Core/Src/main.c:427:6:backward_left	8	static
../Core/Src/main.c:434:6:backward_right	8	static
../Core/Src/main.c:441:6:stop_case	8	static
../Core/Src/main.c:454:6:Error_Handler	4	static,ignoring_inline_asm
